// Jest Snapshot v1, https://goo.gl/fbAQLP

exports[`SpinnerRomb exists for backward compatibility 1`] = `
<svg
  fill="currentColor"
  style={
    Object {
      "color": "#fff",
      "overflow": "visible",
      "width": "100px",
    }
  }
  viewBox="0 0 96 96"
>
  <circle
    cx={3}
    cy={48}
    fill="rgba(0,0,0,0.44)"
    r={1.25}
  />
  <circle
    cx={18}
    cy={33}
    fill="rgba(0,0,0,0.44)"
    r={1.25}
  />
  <circle
    cx={18}
    cy={48}
    fill="rgba(0,0,0,0.44)"
    r={1.25}
  />
  <circle
    cx={18}
    cy={63}
    fill="rgba(0,0,0,0.44)"
    r={1.25}
  />
  <circle
    cx={33}
    cy={48}
    fill="rgba(0,0,0,0.44)"
    r={1.25}
  />
  <circle
    cx={33}
    cy={18}
    fill="rgba(0,0,0,0.44)"
    r={1.25}
  />
  <circle
    cx={33}
    cy={33}
    fill="rgba(0,0,0,0.44)"
    r={1.25}
  />
  <circle
    cx={33}
    cy={63}
    fill="rgba(0,0,0,0.44)"
    r={1.25}
  />
  <circle
    cx={33}
    cy={78}
    fill="rgba(0,0,0,0.44)"
    r={1.25}
  />
  <circle
    cx={49}
    cy={3}
    fill="rgba(0,0,0,0.44)"
    r={1.25}
  />
  <circle
    cx={49}
    cy={18}
    fill="rgba(0,0,0,0.44)"
    r={1.25}
  />
  <circle
    cx={49}
    cy={33}
    fill="rgba(0,0,0,0.44)"
    r={1.25}
  />
  <circle
    cx={49}
    cy={48}
    fill="rgba(0,0,0,0.44)"
    r={1.25}
  />
  <circle
    cx={49}
    cy={63}
    fill="rgba(0,0,0,0.44)"
    r={1.25}
  />
  <circle
    cx={49}
    cy={78}
    fill="rgba(0,0,0,0.44)"
    r={1.25}
  />
  <circle
    cx={49}
    cy={93}
    fill="rgba(0,0,0,0.44)"
    r={1.25}
  />
  <circle
    cx={64}
    cy={18}
    fill="rgba(0,0,0,0.44)"
    r={1.25}
  />
  <circle
    cx={64}
    cy={33}
    fill="rgba(0,0,0,0.44)"
    r={1.25}
  />
  <circle
    cx={64}
    cy={48}
    fill="rgba(0,0,0,0.44)"
    r={1.25}
  />
  <circle
    cx={64}
    cy={63}
    fill="rgba(0,0,0,0.44)"
    r={1.25}
  />
  <circle
    cx={64}
    cy={78}
    fill="rgba(0,0,0,0.44)"
    r={1.25}
  />
  <circle
    cx={79}
    cy={33}
    fill="rgba(0,0,0,0.44)"
    r={1.25}
  />
  <circle
    cx={79}
    cy={48}
    fill="rgba(0,0,0,0.44)"
    r={1.25}
  />
  <circle
    cx={79}
    cy={63}
    fill="rgba(0,0,0,0.44)"
    r={1.25}
  />
  <circle
    cx={94}
    cy={48}
    fill="rgba(0,0,0,0.44)"
    r={1.25}
  />
  <g
    style={
      Object {
        "animation": "spinners-react-diamond 14s steps(2, end) infinite",
      }
    }
  >
    <circle
      cx={3}
      cy={48}
      r={1.75}
    />
    <circle
      cx={18}
      cy={33}
      r={1.75}
    />
    <circle
      cx={18}
      cy={48}
      r={1.75}
    />
    <circle
      cx={18}
      cy={63}
      r={1.75}
    />
    <circle
      cx={33}
      cy={48}
      r={1.75}
    />
  </g>
</svg>
`;
